2026-08-25 19:47:23,439 - INFO - main.py:34 - Current Time: 19:47:23, 08/25/26
2026-08-25 19:47:24,495 - INFO - main.py:46 - CPU: Architecture: x86_64, Model: Intel(R) Core(TM) i5-10500H CPU @ 2.50GHz, Number Of Cores: 12, Utilization: 0.0%
2026-08-25 19:47:24,496 - INFO - main.py:50 - Memory: Total: 7GB, Available: 6GB
2026-08-25 19:47:24,496 - INFO - main.py:54 - System info: OS: Linux, Kernel: 6.6.87.2-microsoft-standard-WSL2
2026-08-25 19:47:24,497 - INFO - main.py:55 - Hailo DFC Version: 3.33.1
2026-08-25 19:47:24,498 - INFO - main.py:60 - HailoRT Version: Not Installed
2026-08-25 19:47:24,506 - INFO - main.py:76 - PCIe: No Hailo PCIe device was found
2026-08-25 19:47:24,506 - INFO - main.py:109 - Running `hailo parser onnx sidewalk_tobias.onnx --hw-arch hailo8l --net-name sidewalk_tobias --har-path sidewalk_tobias.har`
2026-08-25 19:47:24,536 - INFO - parser.py:158 - Translation started on ONNX model sidewalk_tobias
2026-08-25 19:47:24,987 - INFO - parser.py:193 - Restored ONNX model sidewalk_tobias (completion time: 00:00:00.45)
2026-08-25 19:47:25,511 - INFO - parser.py:216 - Extracted ONNXRuntime meta-data for Hailo model (completion time: 00:00:00.97)
2026-08-25 19:47:26,615 - INFO - parser.py:274 - Simplified ONNX model for a parsing retry attempt (completion time: 00:00:02.08)
2026-08-25 19:49:03,916 - INFO - main.py:34 - Current Time: 19:49:03, 08/25/26
2026-08-25 19:49:04,960 - INFO - main.py:46 - CPU: Architecture: x86_64, Model: Intel(R) Core(TM) i5-10500H CPU @ 2.50GHz, Number Of Cores: 12, Utilization: 0.0%
2026-08-25 19:49:04,961 - INFO - main.py:50 - Memory: Total: 7GB, Available: 6GB
2026-08-25 19:49:04,961 - INFO - main.py:54 - System info: OS: Linux, Kernel: 6.6.87.2-microsoft-standard-WSL2
2026-08-25 19:49:04,962 - INFO - main.py:55 - Hailo DFC Version: 3.33.1
2026-08-25 19:49:04,963 - INFO - main.py:60 - HailoRT Version: Not Installed
2026-08-25 19:49:04,970 - INFO - main.py:76 - PCIe: No Hailo PCIe device was found
2026-08-25 19:49:04,970 - INFO - main.py:109 - Running `hailo parser onnx sidewalk_tobias_patched.onnx --hw-arch hailo8l --net-name sidewalk_tobias --har-path sidewalk_tobias.har`
2026-08-25 19:49:05,001 - INFO - parser.py:158 - Translation started on ONNX model sidewalk_tobias
2026-08-25 19:49:05,381 - INFO - parser.py:193 - Restored ONNX model sidewalk_tobias (completion time: 00:00:00.38)
2026-08-25 19:49:05,866 - INFO - parser.py:216 - Extracted ONNXRuntime meta-data for Hailo model (completion time: 00:00:00.86)
2026-08-25 19:49:07,860 - INFO - parser.py:274 - Simplified ONNX model for a parsing retry attempt (completion time: 00:00:02.86)
2026-08-25 19:54:41,013 - INFO - main.py:34 - Current Time: 19:54:41, 08/25/26
2026-08-25 19:54:42,040 - INFO - main.py:46 - CPU: Architecture: x86_64, Model: Intel(R) Core(TM) i5-10500H CPU @ 2.50GHz, Number Of Cores: 12, Utilization: 0.0%
2026-08-25 19:54:42,040 - INFO - main.py:50 - Memory: Total: 7GB, Available: 6GB
2026-08-25 19:54:42,041 - INFO - main.py:54 - System info: OS: Linux, Kernel: 6.6.87.2-microsoft-standard-WSL2
2026-08-25 19:54:42,042 - INFO - main.py:55 - Hailo DFC Version: 3.33.1
2026-08-25 19:54:42,042 - INFO - main.py:60 - HailoRT Version: Not Installed
2026-08-25 19:54:42,049 - INFO - main.py:76 - PCIe: No Hailo PCIe device was found
2026-08-25 19:54:42,050 - INFO - main.py:109 - Running `hailo parser onnx sidewalk_tobias_hailo.onnx --hw-arch hailo8l --net-name sidewalk_tobias --har-path sidewalk_tobias_hailo.har`
2026-08-25 19:54:42,080 - INFO - parser.py:158 - Translation started on ONNX model sidewalk_tobias
2026-08-25 19:54:42,555 - INFO - parser.py:193 - Restored ONNX model sidewalk_tobias (completion time: 00:00:00.47)
2026-08-25 19:54:43,070 - INFO - parser.py:216 - Extracted ONNXRuntime meta-data for Hailo model (completion time: 00:00:00.99)
2026-08-25 19:54:44,333 - INFO - parser.py:274 - Simplified ONNX model for a parsing retry attempt (completion time: 00:00:02.25)
2026-08-25 19:58:50,209 - INFO - main.py:34 - Current Time: 19:58:50, 08/25/26
2026-08-25 19:58:51,229 - INFO - main.py:46 - CPU: Architecture: x86_64, Model: Intel(R) Core(TM) i5-10500H CPU @ 2.50GHz, Number Of Cores: 12, Utilization: 0.0%
2026-08-25 19:58:51,229 - INFO - main.py:50 - Memory: Total: 7GB, Available: 6GB
2026-08-25 19:58:51,230 - INFO - main.py:54 - System info: OS: Linux, Kernel: 6.6.87.2-microsoft-standard-WSL2
2026-08-25 19:58:51,231 - INFO - main.py:55 - Hailo DFC Version: 3.33.1
2026-08-25 19:58:51,231 - INFO - main.py:60 - HailoRT Version: Not Installed
2026-08-25 19:58:51,239 - INFO - main.py:76 - PCIe: No Hailo PCIe device was found
2026-08-25 19:58:51,239 - INFO - main.py:109 - Running `hailo parser onnx sidewalk_tobias_hailo_patched.onnx --hw-arch hailo8l --net-name sidewalk_tobias --har-path sidewalk_tobias_hailo.har`
2026-08-25 19:58:51,269 - INFO - parser.py:158 - Translation started on ONNX model sidewalk_tobias
2026-08-25 19:58:51,653 - INFO - parser.py:193 - Restored ONNX model sidewalk_tobias (completion time: 00:00:00.38)
2026-08-25 19:58:52,146 - INFO - parser.py:216 - Extracted ONNXRuntime meta-data for Hailo model (completion time: 00:00:00.88)
2026-08-25 19:58:54,134 - INFO - parser.py:274 - Simplified ONNX model for a parsing retry attempt (completion time: 00:00:02.87)
2026-08-25 20:03:47,030 - INFO - main.py:34 - Current Time: 20:03:47, 08/25/26
2026-08-25 20:03:48,076 - INFO - main.py:46 - CPU: Architecture: x86_64, Model: Intel(R) Core(TM) i5-10500H CPU @ 2.50GHz, Number Of Cores: 12, Utilization: 0.0%
2026-08-25 20:03:48,077 - INFO - main.py:50 - Memory: Total: 7GB, Available: 6GB
2026-08-25 20:03:48,077 - INFO - main.py:54 - System info: OS: Linux, Kernel: 6.6.87.2-microsoft-standard-WSL2
2026-08-25 20:03:48,078 - INFO - main.py:55 - Hailo DFC Version: 3.33.1
2026-08-25 20:03:48,078 - INFO - main.py:60 - HailoRT Version: Not Installed
2026-08-25 20:03:48,086 - INFO - main.py:76 - PCIe: No Hailo PCIe device was found
2026-08-25 20:03:48,086 - INFO - main.py:109 - Running `hailo parser onnx sidewalk_tobias_matmul_patched.onnx --hw-arch hailo8l --net-name sidewalk_tobias --har-path sidewalk_tobias_matmul.har`
2026-08-25 20:03:48,116 - INFO - parser.py:158 - Translation started on ONNX model sidewalk_tobias
2026-08-25 20:03:48,498 - INFO - parser.py:193 - Restored ONNX model sidewalk_tobias (completion time: 00:00:00.38)
2026-08-25 20:03:48,971 - INFO - parser.py:216 - Extracted ONNXRuntime meta-data for Hailo model (completion time: 00:00:00.85)
2026-08-25 20:03:49,413 - WARNING - parser.py:314 - ONNX shape inference failed: [ONNXRuntimeError] : 1 : FAIL : Node (node_MatMul_240) Op (MatMul) [ShapeInferenceError] Incompatible dimensions for matrix multiplication
2026-08-25 20:03:50,992 - INFO - parser.py:274 - Simplified ONNX model for a parsing retry attempt (completion time: 00:00:02.88)
2026-08-25 20:03:51,457 - WARNING - parser.py:314 - ONNX shape inference failed: [ONNXRuntimeError] : 1 : FAIL : Node (node_MatMul_240) Op (MatMul) [ShapeInferenceError] Incompatible dimensions for matrix multiplication
2026-08-25 20:05:27,075 - INFO - main.py:34 - Current Time: 20:05:27, 08/25/26
2026-08-25 20:05:28,119 - INFO - main.py:46 - CPU: Architecture: x86_64, Model: Intel(R) Core(TM) i5-10500H CPU @ 2.50GHz, Number Of Cores: 12, Utilization: 0.1%
2026-08-25 20:05:28,119 - INFO - main.py:50 - Memory: Total: 7GB, Available: 6GB
2026-08-25 20:05:28,120 - INFO - main.py:54 - System info: OS: Linux, Kernel: 6.6.87.2-microsoft-standard-WSL2
2026-08-25 20:05:28,120 - INFO - main.py:55 - Hailo DFC Version: 3.33.1
2026-08-25 20:05:28,121 - INFO - main.py:60 - HailoRT Version: Not Installed
2026-08-25 20:05:28,128 - INFO - main.py:76 - PCIe: No Hailo PCIe device was found
2026-08-25 20:05:28,129 - INFO - main.py:109 - Running `hailo parser onnx sidewalk_tobias_attention_patched.onnx --hw-arch hailo8l --net-name sidewalk_tobias --har-path sidewalk_tobias_attention.har`
2026-08-25 20:05:28,159 - INFO - parser.py:158 - Translation started on ONNX model sidewalk_tobias
2026-08-25 20:05:28,538 - INFO - parser.py:193 - Restored ONNX model sidewalk_tobias (completion time: 00:00:00.38)
2026-08-25 20:05:29,031 - INFO - parser.py:216 - Extracted ONNXRuntime meta-data for Hailo model (completion time: 00:00:00.87)
2026-08-25 20:05:29,501 - WARNING - parser.py:314 - ONNX shape inference failed: [ONNXRuntimeError] : 1 : FAIL : Node (node_MatMul_240) Op (MatMul) [ShapeInferenceError] Incompatible dimensions for matrix multiplication
2026-08-25 20:05:30,975 - INFO - parser.py:274 - Simplified ONNX model for a parsing retry attempt (completion time: 00:00:02.82)
2026-08-25 20:05:31,440 - WARNING - parser.py:314 - ONNX shape inference failed: [ONNXRuntimeError] : 1 : FAIL : Node (node_MatMul_240) Op (MatMul) [ShapeInferenceError] Incompatible dimensions for matrix multiplication
2026-08-25 20:12:02,985 - INFO - main.py:34 - Current Time: 20:12:02, 08/25/26
2026-08-25 20:12:03,999 - INFO - main.py:46 - CPU: Architecture: x86_64, Model: Intel(R) Core(TM) i5-10500H CPU @ 2.50GHz, Number Of Cores: 12, Utilization: 0.0%
2026-08-25 20:12:03,999 - INFO - main.py:50 - Memory: Total: 7GB, Available: 6GB
2026-08-25 20:12:04,000 - INFO - main.py:54 - System info: OS: Linux, Kernel: 6.6.87.2-microsoft-standard-WSL2
2026-08-25 20:12:04,001 - INFO - main.py:55 - Hailo DFC Version: 3.33.1
2026-08-25 20:12:04,002 - INFO - main.py:60 - HailoRT Version: Not Installed
2026-08-25 20:12:04,009 - INFO - main.py:76 - PCIe: No Hailo PCIe device was found
2026-08-25 20:12:04,010 - INFO - main.py:109 - Running `hailo parser onnx sidewalk_tobias_attention_all_patched.onnx --hw-arch hailo8l --net-name sidewalk_tobias --har-path sidewalk_tobias_attention_all.har`
2026-08-25 20:12:04,040 - INFO - parser.py:158 - Translation started on ONNX model sidewalk_tobias
2026-08-25 20:12:04,431 - INFO - parser.py:193 - Restored ONNX model sidewalk_tobias (completion time: 00:00:00.39)
2026-08-25 20:12:04,935 - INFO - parser.py:216 - Extracted ONNXRuntime meta-data for Hailo model (completion time: 00:00:00.89)
2026-08-25 20:12:04,311 - WARNING - parser.py:314 - ONNX shape inference failed: [ONNXRuntimeError] : 1 : FAIL : Node (node_MatMul_240) Op (MatMul) [ShapeInferenceError] Incompatible dimensions for matrix multiplication
2026-08-25 20:12:05,559 - INFO - parser.py:366 - Start nodes mapped from original model: 'pixel_values': 'sidewalk_tobias/input_layer1'.
2026-08-25 20:12:05,560 - INFO - parser.py:367 - End nodes mapped from original model: 'node_conv2d_19'.
2026-08-25 20:12:05,739 - INFO - parser.py:288 - Translation completed on ONNX model sidewalk_tobias (completion time: 00:00:01.70)
2026-08-25 20:12:07,722 - INFO - client_runner.py:1881 - Saved HAR to: /mnt/d/sidewalk_road_dataset/sidewalk_detection_embedded/model_tobias/model_convert/output/sidewalk_tobias_attention_all.har
2026-08-25 20:35:05,404 - INFO - main.py:34 - Current Time: 20:35:05, 08/25/26
2026-08-25 20:35:06,451 - INFO - main.py:46 - CPU: Architecture: x86_64, Model: Intel(R) Core(TM) i5-10500H CPU @ 2.50GHz, Number Of Cores: 12, Utilization: 0.0%
2026-08-25 20:35:06,451 - INFO - main.py:50 - Memory: Total: 7GB, Available: 6GB
2026-08-25 20:35:06,452 - INFO - main.py:54 - System info: OS: Linux, Kernel: 6.6.87.2-microsoft-standard-WSL2
2026-08-25 20:35:06,453 - INFO - main.py:55 - Hailo DFC Version: 3.33.1
2026-08-25 20:35:06,453 - INFO - main.py:60 - HailoRT Version: Not Installed
2026-08-25 20:35:06,459 - INFO - main.py:76 - PCIe: No Hailo PCIe device was found
2026-08-25 20:35:06,460 - INFO - main.py:109 - Running `hailo optimize --help`
2026-08-25 20:36:55,580 - INFO - main.py:34 - Current Time: 20:36:55, 08/25/26
2026-08-25 20:36:56,628 - INFO - main.py:46 - CPU: Architecture: x86_64, Model: Intel(R) Core(TM) i5-10500H CPU @ 2.50GHz, Number Of Cores: 12, Utilization: 0.0%
2026-08-25 20:36:56,629 - INFO - main.py:50 - Memory: Total: 7GB, Available: 6GB
2026-08-25 20:36:56,629 - INFO - main.py:54 - System info: OS: Linux, Kernel: 6.6.87.2-microsoft-standard-WSL2
2026-08-25 20:36:56,630 - INFO - main.py:55 - Hailo DFC Version: 3.33.1
2026-08-25 20:36:56,631 - INFO - main.py:60 - HailoRT Version: Not Installed
2026-08-25 20:36:56,639 - INFO - main.py:76 - PCIe: No Hailo PCIe device was found
2026-08-25 20:36:56,639 - INFO - main.py:109 - Running `hailo optimize sidewalk_tobias_attention_all.har --hw-arch hailo8l --use-random-calib-set --output-har-path sidewalk_tobias_optimized.har`
2026-08-25 20:36:59,350 - INFO - calib_set_generator.py:130 - Found model with 3 input channels, using real RGB images for calibration instead of sampling random data.
2026-08-25 20:36:59,909 - IMPORTANT - sdk_backend.py:1133 - Starting Model Optimization
2026-08-25 20:37:00,090 - WARNING - mo_config.py:168 - Reducing optimization level to 0 (the accuracy won't be optimized and compression won't be used) because there's no available GPU
2026-08-25 20:37:00,091 - WARNING - mo_config.py:233 - Running model optimization with zero level of optimization is not recommended for production use and might lead to suboptimal accuracy results
2026-08-25 20:37:00,092 - INFO - mo_script_parser.py:91 - Model received quantization params from the hn
2026-08-25 20:37:04,752 - INFO - algorithm_base.py:149 - MatmulDecompose skipped
2026-08-25 20:37:05,118 - INFO - algorithm_base.py:152 - Starting Mixed Precision
2026-08-25 20:37:06,701 - INFO - algorithm_base.py:168 - Model Optimization Algorithm Mixed Precision is done (completion time is 00:00:01.58)
2026-08-25 20:37:07,543 - INFO - algorithm_base.py:152 - Starting LayerNorm Decomposition
2026-08-25 20:37:17,576 - INFO - stats_collection.py:89 - Using dataset with 64 entries for calibration
2026-08-25 20:37:46,512 - INFO - algorithm_base.py:168 - Model Optimization Algorithm LayerNorm Decomposition is done (completion time is 00:00:38.97)
2026-08-25 20:37:51,981 - INFO - algorithm_base.py:152 - Starting Statistics Collector
2026-08-25 20:37:51,985 - INFO - stats_collection.py:89 - Using dataset with 64 entries for calibration
2026-08-25 20:40:00,086 - INFO - algorithm_base.py:168 - Model Optimization Algorithm Statistics Collector is done (completion time is 00:02:08.10)
2026-08-25 20:40:06,804 - INFO - algorithm_base.py:152 - Starting Fix zp_comp Encoding
2026-08-25 20:40:06,806 - INFO - algorithm_base.py:168 - Model Optimization Algorithm Fix zp_comp Encoding is done (completion time is 00:00:00.00)
2026-08-25 20:40:06,808 - INFO - algorithm_base.py:152 - Starting Matmul Equalization
2026-08-25 20:40:07,549 - INFO - algorithm_base.py:168 - Model Optimization Algorithm Matmul Equalization is done (completion time is 00:00:00.74)
2026-08-25 20:40:07,550 - INFO - algorithm_base.py:152 - Starting MatmulDecomposeFix
2026-08-25 20:40:07,551 - INFO - algorithm_base.py:168 - Model Optimization Algorithm MatmulDecomposeFix is done (completion time is 00:00:00.00)
2026-08-25 20:42:30,865 - INFO - main.py:34 - Current Time: 20:42:30, 08/25/26
2026-08-25 20:42:31,888 - INFO - main.py:46 - CPU: Architecture: x86_64, Model: Intel(R) Core(TM) i5-10500H CPU @ 2.50GHz, Number Of Cores: 12, Utilization: 0.0%
2026-08-25 20:42:31,889 - INFO - main.py:50 - Memory: Total: 7GB, Available: 6GB
2026-08-25 20:42:31,889 - INFO - main.py:54 - System info: OS: Linux, Kernel: 6.6.87.2-microsoft-standard-WSL2
2026-08-25 20:42:31,890 - INFO - main.py:55 - Hailo DFC Version: 3.33.1
2026-08-25 20:42:31,891 - INFO - main.py:60 - HailoRT Version: Not Installed
2026-08-25 20:42:31,895 - INFO - main.py:76 - PCIe: No Hailo PCIe device was found
2026-08-25 20:42:31,896 - INFO - main.py:109 - Running `hailo compiler sidewalk_tobias_attention_all.har --hw-arch hailo8l --output-dir compiled`
2026-08-25 20:42:33,733 - INFO - compiler_cli.py:81 - Compiling network
2026-08-25 20:48:26,306 - INFO - main.py:34 - Current Time: 20:48:26, 08/25/26
2026-08-25 20:48:27,353 - INFO - main.py:46 - CPU: Architecture: x86_64, Model: Intel(R) Core(TM) i5-10500H CPU @ 2.50GHz, Number Of Cores: 12, Utilization: 0.0%
2026-08-25 20:48:27,354 - INFO - main.py:50 - Memory: Total: 7GB, Available: 6GB
2026-08-25 20:48:27,354 - INFO - main.py:54 - System info: OS: Linux, Kernel: 6.6.87.2-microsoft-standard-WSL2
2026-08-25 20:48:27,355 - INFO - main.py:55 - Hailo DFC Version: 3.33.1
2026-08-25 20:48:27,356 - INFO - main.py:60 - HailoRT Version: Not Installed
2026-08-25 20:48:27,360 - INFO - main.py:76 - PCIe: No Hailo PCIe device was found
2026-08-25 20:48:27,361 - INFO - main.py:109 - Running `hailo optimize sidewalk_tobias_attention_all.har --hw-arch hailo8l --calib-set-path calibration.npy --output-har-path sidewalk_tobias_optimized.har`
2026-08-25 20:48:30,997 - IMPORTANT - sdk_backend.py:1133 - Starting Model Optimization
2026-08-25 20:48:31,186 - WARNING - mo_config.py:168 - Reducing optimization level to 0 (the accuracy won't be optimized and compression won't be used) because there's less data than the recommended amount (1024), and there's no available GPU
2026-08-25 20:48:31,187 - WARNING - mo_config.py:233 - Running model optimization with zero level of optimization is not recommended for production use and might lead to suboptimal accuracy results
2026-08-25 20:48:31,188 - INFO - mo_script_parser.py:91 - Model received quantization params from the hn
2026-08-25 20:48:35,849 - INFO - algorithm_base.py:149 - MatmulDecompose skipped
2026-08-25 20:48:36,210 - INFO - algorithm_base.py:152 - Starting Mixed Precision
2026-08-25 20:48:37,633 - INFO - algorithm_base.py:168 - Model Optimization Algorithm Mixed Precision is done (completion time is 00:00:01.42)
2026-08-25 20:48:38,447 - INFO - algorithm_base.py:152 - Starting LayerNorm Decomposition
2026-08-25 21:10:39,183 - INFO - main.py:34 - Current Time: 21:10:39, 08/25/26
2026-08-25 21:10:40,219 - INFO - main.py:46 - CPU: Architecture: x86_64, Model: Intel(R) Core(TM) i5-10500H CPU @ 2.50GHz, Number Of Cores: 12, Utilization: 0.1%
2026-08-25 21:10:40,219 - INFO - main.py:50 - Memory: Total: 7GB, Available: 6GB
2026-08-25 21:10:40,220 - INFO - main.py:54 - System info: OS: Linux, Kernel: 6.6.87.2-microsoft-standard-WSL2
2026-08-25 21:10:40,221 - INFO - main.py:55 - Hailo DFC Version: 3.33.1
2026-08-25 21:10:40,221 - INFO - main.py:60 - HailoRT Version: Not Installed
2026-08-25 21:10:40,229 - INFO - main.py:76 - PCIe: No Hailo PCIe device was found
2026-08-25 21:10:40,230 - INFO - main.py:109 - Running `hailo --version`
2026-08-25 21:11:03,205 - INFO - main.py:34 - Current Time: 21:11:03, 08/25/26
2026-08-25 21:11:04,240 - INFO - main.py:46 - CPU: Architecture: x86_64, Model: Intel(R) Core(TM) i5-10500H CPU @ 2.50GHz, Number Of Cores: 12, Utilization: 0.1%
2026-08-25 21:11:04,241 - INFO - main.py:50 - Memory: Total: 7GB, Available: 6GB
2026-08-25 21:11:04,241 - INFO - main.py:54 - System info: OS: Linux, Kernel: 6.6.87.2-microsoft-standard-WSL2
2026-08-25 21:11:04,242 - INFO - main.py:55 - Hailo DFC Version: 3.33.1
2026-08-25 21:11:04,243 - INFO - main.py:60 - HailoRT Version: Not Installed
2026-08-25 21:11:04,247 - INFO - main.py:76 - PCIe: No Hailo PCIe device was found
2026-08-25 21:11:04,248 - INFO - main.py:109 - Running `hailo optimize sidewalk_tobias_attention_all.har --hw-arch hailo8l --calib-set-path calibration_hwc.npy --output-har-path sidewalk_tobias_optimized.har`
2026-08-25 21:11:06,437 - IMPORTANT - sdk_backend.py:1133 - Starting Model Optimization
2026-08-25 21:11:06,617 - WARNING - mo_config.py:168 - Reducing optimization level to 0 (the accuracy won't be optimized and compression won't be used) because there's less data than the recommended amount (1024), and there's no available GPU
2026-08-25 21:11:06,618 - WARNING - mo_config.py:233 - Running model optimization with zero level of optimization is not recommended for production use and might lead to suboptimal accuracy results
2026-08-25 21:11:06,619 - INFO - mo_script_parser.py:91 - Model received quantization params from the hn
2026-08-25 21:11:12,582 - INFO - algorithm_base.py:149 - MatmulDecompose skipped
2026-08-25 21:11:12,936 - INFO - algorithm_base.py:152 - Starting Mixed Precision
2026-08-25 21:11:14,382 - INFO - algorithm_base.py:168 - Model Optimization Algorithm Mixed Precision is done (completion time is 00:00:01.44)
2026-08-25 21:11:15,169 - INFO - algorithm_base.py:152 - Starting LayerNorm Decomposition
2026-08-25 21:11:25,004 - INFO - stats_collection.py:89 - Using dataset with 64 entries for calibration
2026-08-25 21:24:01,130 - INFO - main.py:34 - Current Time: 21:24:01, 08/25/26
2026-08-25 21:24:02,159 - INFO - main.py:46 - CPU: Architecture: x86_64, Model: Intel(R) Core(TM) i5-10500H CPU @ 2.50GHz, Number Of Cores: 12, Utilization: 0.0%
2026-08-25 21:24:02,159 - INFO - main.py:50 - Memory: Total: 7GB, Available: 6GB
2026-08-25 21:24:02,159 - INFO - main.py:54 - System info: OS: Linux, Kernel: 6.6.87.2-microsoft-standard-WSL2
2026-08-25 21:24:02,160 - INFO - main.py:55 - Hailo DFC Version: 3.33.1
2026-08-25 21:24:02,161 - INFO - main.py:60 - HailoRT Version: Not Installed
2026-08-25 21:24:02,167 - INFO - main.py:76 - PCIe: No Hailo PCIe device was found
2026-08-25 21:24:02,167 - INFO - main.py:109 - Running `hailo optimize sidewalk_tobias_attention_all.har --hw-arch hailo8l --calib-set-path calibration_hwc.npy --output-har-path sidewalk_tobias_optimized.har`
2026-08-25 21:24:04,836 - IMPORTANT - sdk_backend.py:1133 - Starting Model Optimization
2026-08-25 21:24:05,022 - WARNING - mo_config.py:168 - Reducing optimization level to 0 (the accuracy won't be optimized and compression won't be used) because there's less data than the recommended amount (1024), and there's no available GPU
2026-08-25 21:24:05,022 - WARNING - mo_config.py:233 - Running model optimization with zero level of optimization is not recommended for production use and might lead to suboptimal accuracy results
2026-08-25 21:24:05,024 - INFO - mo_script_parser.py:91 - Model received quantization params from the hn
2026-08-25 21:24:11,173 - INFO - algorithm_base.py:149 - MatmulDecompose skipped
2026-08-25 21:24:11,529 - INFO - algorithm_base.py:152 - Starting Mixed Precision
2026-08-25 21:24:13,024 - INFO - algorithm_base.py:168 - Model Optimization Algorithm Mixed Precision is done (completion time is 00:00:01.49)
2026-08-25 21:24:13,829 - INFO - algorithm_base.py:152 - Starting LayerNorm Decomposition
2026-08-25 21:24:24,031 - INFO - stats_collection.py:89 - Using dataset with 64 entries for calibration
2026-08-25 21:24:54,010 - INFO - algorithm_base.py:168 - Model Optimization Algorithm LayerNorm Decomposition is done (completion time is 00:00:40.18)
2026-08-25 21:24:59,387 - INFO - algorithm_base.py:152 - Starting Statistics Collector
2026-08-25 21:24:59,391 - INFO - stats_collection.py:89 - Using dataset with 64 entries for calibration
2026-08-25 21:27:12,416 - INFO - algorithm_base.py:168 - Model Optimization Algorithm Statistics Collector is done (completion time is 00:02:13.02)
2026-08-25 21:27:18,802 - INFO - algorithm_base.py:152 - Starting Fix zp_comp Encoding
2026-08-25 21:27:18,804 - INFO - algorithm_base.py:168 - Model Optimization Algorithm Fix zp_comp Encoding is done (completion time is 00:00:00.00)
2026-08-25 21:27:18,806 - INFO - algorithm_base.py:152 - Starting Matmul Equalization
2026-08-25 21:27:19,537 - INFO - algorithm_base.py:168 - Model Optimization Algorithm Matmul Equalization is done (completion time is 00:00:00.73)
2026-08-25 21:27:19,538 - INFO - algorithm_base.py:152 - Starting MatmulDecomposeFix
2026-08-25 21:27:19,538 - INFO - algorithm_base.py:168 - Model Optimization Algorithm MatmulDecomposeFix is done (completion time is 00:00:00.00)
2026-08-25 21:43:42,961 - INFO - main.py:34 - Current Time: 21:43:42, 08/25/26
2026-08-25 21:43:43,978 - INFO - main.py:46 - CPU: Architecture: x86_64, Model: Intel(R) Core(TM) i5-10500H CPU @ 2.50GHz, Number Of Cores: 12, Utilization: 0.0%
2026-08-25 21:43:43,979 - INFO - main.py:50 - Memory: Total: 7GB, Available: 6GB
2026-08-25 21:43:43,979 - INFO - main.py:54 - System info: OS: Linux, Kernel: 6.6.87.2-microsoft-standard-WSL2
2026-08-25 21:43:43,980 - INFO - main.py:55 - Hailo DFC Version: 3.33.1
2026-08-25 21:43:43,981 - INFO - main.py:60 - HailoRT Version: Not Installed
2026-08-25 21:43:43,988 - INFO - main.py:76 - PCIe: No Hailo PCIe device was found
2026-08-25 21:43:43,988 - INFO - main.py:109 - Running `hailo --version`
2026-08-25 21:44:06,359 - INFO - main.py:34 - Current Time: 21:44:06, 08/25/26
2026-08-25 21:44:07,380 - INFO - main.py:46 - CPU: Architecture: x86_64, Model: Intel(R) Core(TM) i5-10500H CPU @ 2.50GHz, Number Of Cores: 12, Utilization: 0.0%
2026-08-25 21:44:07,381 - INFO - main.py:50 - Memory: Total: 7GB, Available: 6GB
2026-08-25 21:44:07,382 - INFO - main.py:54 - System info: OS: Linux, Kernel: 6.6.87.2-microsoft-standard-WSL2
2026-08-25 21:44:07,383 - INFO - main.py:55 - Hailo DFC Version: 3.33.1
2026-08-25 21:44:07,384 - INFO - main.py:60 - HailoRT Version: Not Installed
2026-08-25 21:44:07,388 - INFO - main.py:76 - PCIe: No Hailo PCIe device was found
2026-08-25 21:44:07,389 - INFO - main.py:109 - Running `hailo optimize sidewalk_tobias_attention_all.har --hw-arch hailo8l --calib-set-path calibration_hwc.npy --output-har-path sidewalk_tobias_optimized.har`
2026-08-25 21:44:10,644 - IMPORTANT - sdk_backend.py:1133 - Starting Model Optimization
2026-08-25 21:44:10,822 - WARNING - mo_config.py:168 - Reducing optimization level to 0 (the accuracy won't be optimized and compression won't be used) because there's less data than the recommended amount (1024), and there's no available GPU
2026-08-25 21:44:10,822 - WARNING - mo_config.py:233 - Running model optimization with zero level of optimization is not recommended for production use and might lead to suboptimal accuracy results
2026-08-25 21:44:10,823 - INFO - mo_script_parser.py:91 - Model received quantization params from the hn
2026-08-25 21:44:16,733 - INFO - algorithm_base.py:149 - MatmulDecompose skipped
2026-08-25 21:44:17,086 - INFO - algorithm_base.py:152 - Starting Mixed Precision
2026-08-25 21:44:18,516 - INFO - algorithm_base.py:168 - Model Optimization Algorithm Mixed Precision is done (completion time is 00:00:01.43)
2026-08-25 21:44:19,284 - INFO - algorithm_base.py:152 - Starting LayerNorm Decomposition
2026-08-25 21:44:28,943 - INFO - stats_collection.py:89 - Using dataset with 64 entries for calibration
2026-08-25 21:44:58,409 - INFO - algorithm_base.py:168 - Model Optimization Algorithm LayerNorm Decomposition is done (completion time is 00:00:39.12)
2026-08-25 21:45:04,115 - INFO - algorithm_base.py:152 - Starting Statistics Collector
2026-08-25 21:45:04,118 - INFO - stats_collection.py:89 - Using dataset with 64 entries for calibration
2026-08-25 21:47:19,150 - INFO - algorithm_base.py:168 - Model Optimization Algorithm Statistics Collector is done (completion time is 00:02:15.03)
2026-08-25 21:47:25,835 - INFO - algorithm_base.py:152 - Starting Fix zp_comp Encoding
2026-08-25 21:47:25,838 - INFO - algorithm_base.py:168 - Model Optimization Algorithm Fix zp_comp Encoding is done (completion time is 00:00:00.00)
2026-08-25 21:47:25,839 - INFO - algorithm_base.py:152 - Starting Matmul Equalization
2026-08-25 21:47:26,550 - INFO - algorithm_base.py:168 - Model Optimization Algorithm Matmul Equalization is done (completion time is 00:00:00.71)
2026-08-25 21:47:26,551 - INFO - algorithm_base.py:152 - Starting MatmulDecomposeFix
2026-08-25 21:47:26,552 - INFO - algorithm_base.py:168 - Model Optimization Algorithm MatmulDecomposeFix is done (completion time is 00:00:00.00)
2026-08-25 21:51:21,926 - INFO - main.py:34 - Current Time: 21:51:21, 08/25/26
2026-08-25 21:51:22,961 - INFO - main.py:46 - CPU: Architecture: x86_64, Model: Intel(R) Core(TM) i5-10500H CPU @ 2.50GHz, Number Of Cores: 12, Utilization: 0.0%
2026-08-25 21:51:22,962 - INFO - main.py:50 - Memory: Total: 7GB, Available: 6GB
2026-08-25 21:51:22,962 - INFO - main.py:54 - System info: OS: Linux, Kernel: 6.6.87.2-microsoft-standard-WSL2
2026-08-25 21:51:22,963 - INFO - main.py:55 - Hailo DFC Version: 3.33.1
2026-08-25 21:51:22,964 - INFO - main.py:60 - HailoRT Version: Not Installed
2026-08-25 21:51:22,967 - INFO - main.py:76 - PCIe: No Hailo PCIe device was found
2026-08-25 21:51:22,968 - INFO - main.py:109 - Running `hailo har extract sidewalk_tobias_attention_all.har`
2026-08-25 21:51:22,987 - INFO - hailo_archive_cli.py:234 - HN extracted to: /mnt/d/sidewalk_road_dataset/sidewalk_detection_embedded/model_tobias/model_convert/output/sidewalk_tobias.hn
2026-08-25 21:51:23,328 - INFO - hailo_archive_cli.py:254 - Params extracted to: /mnt/d/sidewalk_road_dataset/sidewalk_detection_embedded/model_tobias/model_convert/output/sidewalk_tobias.npz
2026-08-25 21:55:59,725 - INFO - main.py:34 - Current Time: 21:55:59, 08/25/26
2026-08-25 21:56:00,756 - INFO - main.py:46 - CPU: Architecture: x86_64, Model: Intel(R) Core(TM) i5-10500H CPU @ 2.50GHz, Number Of Cores: 12, Utilization: 0.0%
2026-08-25 21:56:00,757 - INFO - main.py:50 - Memory: Total: 7GB, Available: 6GB
2026-08-25 21:56:00,757 - INFO - main.py:54 - System info: OS: Linux, Kernel: 6.6.87.2-microsoft-standard-WSL2
2026-08-25 21:56:00,758 - INFO - main.py:55 - Hailo DFC Version: 3.33.1
2026-08-25 21:56:00,759 - INFO - main.py:60 - HailoRT Version: Not Installed
2026-08-25 21:56:00,762 - INFO - main.py:76 - PCIe: No Hailo PCIe device was found
2026-08-25 21:56:00,763 - INFO - main.py:109 - Running `hailo optimize --help`
2026-08-25 21:56:17,964 - INFO - main.py:34 - Current Time: 21:56:17, 08/25/26
2026-08-25 21:56:18,997 - INFO - main.py:46 - CPU: Architecture: x86_64, Model: Intel(R) Core(TM) i5-10500H CPU @ 2.50GHz, Number Of Cores: 12, Utilization: 0.0%
2026-08-25 21:56:18,997 - INFO - main.py:50 - Memory: Total: 7GB, Available: 6GB
2026-08-25 21:56:18,998 - INFO - main.py:54 - System info: OS: Linux, Kernel: 6.6.87.2-microsoft-standard-WSL2
2026-08-25 21:56:18,999 - INFO - main.py:55 - Hailo DFC Version: 3.33.1
2026-08-25 21:56:18,999 - INFO - main.py:60 - HailoRT Version: Not Installed
2026-08-25 21:56:19,002 - INFO - main.py:76 - PCIe: No Hailo PCIe device was found
2026-08-25 21:56:19,003 - INFO - main.py:109 - Running `hailo --help`
2026-08-25 22:02:31,574 - INFO - main.py:34 - Current Time: 22:02:31, 08/25/26
2026-08-25 22:02:32,611 - INFO - main.py:46 - CPU: Architecture: x86_64, Model: Intel(R) Core(TM) i5-10500H CPU @ 2.50GHz, Number Of Cores: 12, Utilization: 0.0%
2026-08-25 22:02:32,612 - INFO - main.py:50 - Memory: Total: 7GB, Available: 6GB
2026-08-25 22:02:32,612 - INFO - main.py:54 - System info: OS: Linux, Kernel: 6.6.87.2-microsoft-standard-WSL2
2026-08-25 22:02:32,613 - INFO - main.py:55 - Hailo DFC Version: 3.33.1
2026-08-25 22:02:32,614 - INFO - main.py:60 - HailoRT Version: Not Installed
2026-08-25 22:02:32,623 - INFO - main.py:76 - PCIe: No Hailo PCIe device was found
2026-08-25 22:02:32,624 - INFO - main.py:109 - Running `hailo parser onnx sidewalk_tobias_attention_all_matmulfix.onnx`
2026-08-25 22:02:32,655 - INFO - parser.py:158 - Translation started on ONNX model sidewalk_tobias_attention_all_matmulfix
2026-08-25 22:02:33,038 - INFO - parser.py:193 - Restored ONNX model sidewalk_tobias_attention_all_matmulfix (completion time: 00:00:00.38)
2026-08-25 22:02:33,525 - INFO - parser.py:216 - Extracted ONNXRuntime meta-data for Hailo model (completion time: 00:00:00.87)
2026-08-25 22:02:33,980 - WARNING - parser.py:314 - ONNX shape inference failed: [ONNXRuntimeError] : 1 : FAIL : Node (node_MatMul_61) Op (MatMul) [ShapeInferenceError] Incompatible dimensions for matrix multiplication
2026-08-25 22:02:35,496 - INFO - parser.py:274 - Simplified ONNX model for a parsing retry attempt (completion time: 00:00:02.84)
2026-08-25 22:02:35,968 - WARNING - parser.py:314 - ONNX shape inference failed: [ONNXRuntimeError] : 1 : FAIL : Node (node_MatMul_61) Op (MatMul) [ShapeInferenceError] Incompatible dimensions for matrix multiplication
2026-08-25 22:05:15,879 - INFO - main.py:34 - Current Time: 22:05:15, 08/25/26
2026-08-25 22:05:16,914 - INFO - main.py:46 - CPU: Architecture: x86_64, Model: Intel(R) Core(TM) i5-10500H CPU @ 2.50GHz, Number Of Cores: 12, Utilization: 0.0%
2026-08-25 22:05:16,915 - INFO - main.py:50 - Memory: Total: 7GB, Available: 6GB
2026-08-25 22:05:16,915 - INFO - main.py:54 - System info: OS: Linux, Kernel: 6.6.87.2-microsoft-standard-WSL2
2026-08-25 22:05:16,916 - INFO - main.py:55 - Hailo DFC Version: 3.33.1
2026-08-25 22:05:16,917 - INFO - main.py:60 - HailoRT Version: Not Installed
2026-08-25 22:05:16,923 - INFO - main.py:76 - PCIe: No Hailo PCIe device was found
2026-08-25 22:05:16,923 - INFO - main.py:109 - Running `hailo parser onnx sidewalk_tobias.onnx`
2026-08-25 22:05:16,953 - INFO - parser.py:158 - Translation started on ONNX model sidewalk_tobias
2026-08-25 22:05:17,445 - INFO - parser.py:193 - Restored ONNX model sidewalk_tobias (completion time: 00:00:00.49)
2026-08-25 22:05:17,954 - INFO - parser.py:216 - Extracted ONNXRuntime meta-data for Hailo model (completion time: 00:00:01.00)
2026-08-25 22:05:19,102 - INFO - parser.py:274 - Simplified ONNX model for a parsing retry attempt (completion time: 00:00:02.15)
